[2026-03-31T20:58:01.309Z] [INFO] [Database] MongoDB connected successfully 
node.exe : [2026-03-31T20:58:01.314Z] [ERROR] [Process] Uncaught 
Exception ΓÇö process will exit  {
At line:1 char:1
+ & "C:\Program Files\nodejs/node.exe" "C:\Program 
Files\nodejs/node_mo ...
+ ~~~~~~~~~~~~~~~~~~~~~~~~~~~~~~~~~~~~~~~~~~~~~~~~~~~~~~~~~~~~~~~
~~~~~~
    + CategoryInfo          : NotSpecified: ([2026-03-31T20:...s 
   s will exit  {:String) [], RemoteException
    + FullyQualifiedErrorId : NativeCommandError
 
  name: 'Error',
  message: 'listen EADDRINUSE: address already in use :::5000',
  stack: 'Error: listen EADDRINUSE: address already in use 
:::5000\n' +
    '    at Server.setupListenHandle [as _listen2] 
(node:net:1940:16)\n' +
    '    at listenInCluster (node:net:1997:12)\n' +
    '    at Server.listen (node:net:2102:7)\n' +
    '    at Function.listen (C:\\Users\\khana\\NoteMind\\backend\
\node_modules\\express\\lib\\application.js:635:24)\n' +
    '    at startServer 
(C:\\Users\\khana\\NoteMind\\backend\\src\\index.ts:274:16)\n' +
    '    at processTicksAndRejections 
(node:internal/process/task_queues:105:5)'
}
